VERSION 1

// define a sector
// 1
SECTOR 8 1
    // define the points of the sector counter clockwise
    POLY
        // x, y, next sector

        -5.0 2.0 9
        -5.0 -2.0 0
        -2.0 -5.0 8
        2.0 -5.0 0
        5.0 -2.0 4
        5.0 2.0 3
        2.0 5.0 2
        -2.0 5.0 0
    END

    // define a sub sector
    // floor height, ceiling height
    SUB 0.0 12.0
    END
END

// 2
SECTOR 4 1
    POLY
        -2.0 5.0 1
        2.0 5.0 3
        7.0 9.0 0
        -2.0 9.0 0
    END

    SUB 0.0 5.0
    END
END

// 3
SECTOR 5 1
    POLY
        5.0 2.0 4
        9.0 0.0 0
        9.0 7.0 0
        7.0 9.0 2
        2.0 5.0 1
    END

    SUB 0.0 10.0
    END
END

// 4
SECTOR 4 2
    POLY
        5.0 -2.0 5
        9.0 -2.0 0
        9.0 0.0 3
        5.0 2.0 1
    END

    SUB 0.0 4.0
    END

    SUB 5.0 9.0
    END
END

// 5
SECTOR 6 1
    POLY
        1.0 -10.0 6
        4.0 -12.0 0
        9.0 -2.0 4
        5.0 -2.0 0
        2.0 -5.0 8
        1.0 -8.0 0
    END

    SUB 0.0 5.0
    END
END

// 6
SECTOR 4 1
    POLY
        -4.0 -12.0 0
        4.0 -12.0 5
        1.0 -10.0 0
        -1.0 -10.0 7
    END

    SUB 0.0 5.0
    END
END

// 7
SECTOR 5 1
    POLY
        -4.0 -12.0 6
        -1.0 -10.0 0
        -1.0 -8.0 8
        -2.0 -5.0 0
        -5.0 -2.0 0
    END

    SUB 0.0 5.0
    END
END

// 8
SECTOR 4 1
    POLY
        -1.0 -8.0 0
        1.0 -8.0 5
        2.0 -5.0 1
        -2.0 -5.0 7
    END

    SUB 0.0 5.0
    END
END

// 9
SECTOR 4 1
    POLY
        -9.0 -2.0 0
        -5.0 -2.0 1
        -5.0 2.0 0
        -9.0 2.0 10
    END

    SUB -10.0 10.0
    END
END

// 10
SECTOR 4 2
    POLY
        -13.0 -2.0 0
        -9.0 -2.0 9
        -9.0 2.0 0
        -13.0 2.0 11
    END

    SUB -10.0 -0.5
    END

    SUB 0.05 10
    END
END

// 11
SECTOR 4 3
    POLY
        -17.0 -2.0 0
        -13.0 -2.0 10
        -13.0 2.0 0
        -17.0 2.0 0
    END

    SUB -10.0 -3.0
    END

    SUB -2.0 4.0
    END

    SUB 5.0 10.0
    END
END
